// Jest Snapshot v1, https://goo.gl/fbAQLP

exports[`PipeflowScreen renders component tray with draggable components: component-tray 1`] = `
<GestureHandlerRootView
  style={
    {
      "backgroundColor": "#F3F4F6",
      "flex": 1,
    }
  }
  testID="pipeflow-screen"
>
  <View
    style={
      {
        "alignItems": "center",
        "backgroundColor": "#FFFFFF",
        "borderBottomColor": "#E5E7EB",
        "borderBottomWidth": 1,
        "flexDirection": "row",
        "justifyContent": "space-between",
        "paddingBottom": 20,
        "paddingHorizontal": 20,
        "paddingTop": 50,
      }
    }
  >
    <Text
      style={
        {
          "color": "#1E293B",
          "fontSize": 28,
          "fontWeight": "600",
        }
      }
    >
      PIPEFLOW
    </Text>
    <Text
      style={
        {
          "color": "#64748B",
          "fontSize": 18,
        }
      }
    >
      Level 
      1
    </Text>
  </View>
  <View
    style={
      {
        "alignItems": "center",
        "flex": 1,
        "justifyContent": "center",
        "padding": 20,
      }
    }
  >
    <View
      style={
        {
          "height": 800.4,
          "position": "relative",
          "width": 710,
        }
      }
    >
      <Canvas
        pointerEvents="none"
        style={
          {
            "height": 800.4,
            "position": "absolute",
            "width": 710,
          }
        }
      >
        <Path
          color="#60A5FA"
          path={
            {
              "addRRect": [MockFunction],
              "cubicTo": [MockFunction] {
                "calls": [
                  [
                    355,
                    225.1,
                    355,
                    225.1,
                    355,
                    370.2,
                  ],
                ],
                "results": [
                  {
                    "type": "return",
                    "value": undefined,
                  },
                ],
              },
              "lineTo": [MockFunction],
              "moveTo": [MockFunction] {
                "calls": [
                  [
                    355,
                    80,
                  ],
                ],
                "results": [
                  {
                    "type": "return",
                    "value": undefined,
                  },
                ],
              },
            }
          }
          strokeWidth={4}
          style="stroke"
        />
        <Path
          color="#60A5FA"
          path={
            {
              "addRRect": [MockFunction],
              "cubicTo": [MockFunction] {
                "calls": [
                  [
                    355,
                    575.3,
                    355,
                    575.3,
                    355,
                    720.4,
                  ],
                ],
                "results": [
                  {
                    "type": "return",
                    "value": undefined,
                  },
                ],
              },
              "lineTo": [MockFunction],
              "moveTo": [MockFunction] {
                "calls": [
                  [
                    355,
                    430.2,
                  ],
                ],
                "results": [
                  {
                    "type": "return",
                    "value": undefined,
                  },
                ],
              },
            }
          }
          strokeWidth={4}
          style="stroke"
        />
        <Circle
          color="#14B8A6"
          cx={355}
          cy={50}
          r={30}
        />
        <Text
          color="#FFFFFF"
          font={{}}
          text="1"
          x={345}
          y={58}
        />
        <Circle
          color="#8B5CF6"
          cx={355}
          cy={750.4}
          r={30}
        />
        <Text
          color="#FFFFFF"
          font={{}}
          text="2"
          x={345}
          y={758.4}
        />
        <Path
          color="#E5E7EB"
          path={
            {
              "addRRect": [MockFunction] {
                "calls": [
                  [
                    {
                      "rect": {
                        "height": 60,
                        "width": 80,
                        "x": 315,
                        "y": 370.2,
                      },
                      "rx": 12,
                      "ry": 12,
                    },
                  ],
                ],
                "results": [
                  {
                    "type": "return",
                    "value": undefined,
                  },
                ],
              },
              "cubicTo": [MockFunction],
              "lineTo": [MockFunction],
              "moveTo": [MockFunction],
            }
          }
          style="fill"
        />
        <Path
          color="#9CA3AF"
          path={
            {
              "addRRect": [MockFunction] {
                "calls": [
                  [
                    {
                      "rect": {
                        "height": 60,
                        "width": 80,
                        "x": 315,
                        "y": 370.2,
                      },
                      "rx": 12,
                      "ry": 12,
                    },
                  ],
                ],
                "results": [
                  {
                    "type": "return",
                    "value": undefined,
                  },
                ],
              },
              "cubicTo": [MockFunction],
              "lineTo": [MockFunction],
              "moveTo": [MockFunction],
            }
          }
          strokeWidth={2}
          style="stroke"
        />
      </Canvas>
      <View
        accessibilityState={
          {
            "busy": undefined,
            "checked": undefined,
            "disabled": undefined,
            "expanded": undefined,
            "selected": undefined,
          }
        }
        accessibilityValue={
          {
            "max": undefined,
            "min": undefined,
            "now": undefined,
            "text": undefined,
          }
        }
        accessible={true}
        collapsable={false}
        focusable={true}
        onClick={[Function]}
        onResponderGrant={[Function]}
        onResponderMove={[Function]}
        onResponderRelease={[Function]}
        onResponderTerminate={[Function]}
        onResponderTerminationRequest={[Function]}
        onStartShouldSetResponder={[Function]}
        style={
          {
            "height": 60,
            "left": 315,
            "opacity": 1,
            "position": "absolute",
            "top": 370.2,
            "width": 80,
          }
        }
      />
    </View>
  </View>
  <View
    style={
      {
        "flexDirection": "row",
        "justifyContent": "space-around",
        "paddingHorizontal": 40,
        "paddingVertical": 10,
      }
    }
  >
    <View
      accessibilityState={
        {
          "busy": undefined,
          "checked": undefined,
          "disabled": true,
          "expanded": undefined,
          "selected": undefined,
        }
      }
      accessibilityValue={
        {
          "max": undefined,
          "min": undefined,
          "now": undefined,
          "text": undefined,
        }
      }
      accessible={true}
      collapsable={false}
      focusable={false}
      onClick={[Function]}
      onResponderGrant={[Function]}
      onResponderMove={[Function]}
      onResponderRelease={[Function]}
      onResponderTerminate={[Function]}
      onResponderTerminationRequest={[Function]}
      onStartShouldSetResponder={[Function]}
      style={
        {
          "backgroundColor": "#D1D5DB",
          "borderRadius": 8,
          "opacity": 1,
          "paddingHorizontal": 20,
          "paddingVertical": 10,
        }
      }
      testID="prev-level-button"
    >
      <Text
        style={
          {
            "color": "#FFFFFF",
            "fontSize": 16,
            "fontWeight": "600",
          }
        }
      >
        ← Prev
      </Text>
    </View>
    <View
      accessibilityState={
        {
          "busy": undefined,
          "checked": undefined,
          "disabled": false,
          "expanded": undefined,
          "selected": undefined,
        }
      }
      accessibilityValue={
        {
          "max": undefined,
          "min": undefined,
          "now": undefined,
          "text": undefined,
        }
      }
      accessible={true}
      collapsable={false}
      focusable={true}
      onClick={[Function]}
      onResponderGrant={[Function]}
      onResponderMove={[Function]}
      onResponderRelease={[Function]}
      onResponderTerminate={[Function]}
      onResponderTerminationRequest={[Function]}
      onStartShouldSetResponder={[Function]}
      style={
        {
          "backgroundColor": "#60A5FA",
          "borderRadius": 8,
          "opacity": 1,
          "paddingHorizontal": 20,
          "paddingVertical": 10,
        }
      }
      testID="next-level-button"
    >
      <Text
        style={
          {
            "color": "#FFFFFF",
            "fontSize": 16,
            "fontWeight": "600",
          }
        }
      >
        Next →
      </Text>
    </View>
  </View>
  <View
    style={
      {
        "alignItems": "center",
        "backgroundColor": "#FFFFFF",
        "borderTopColor": "#E5E7EB",
        "borderTopWidth": 1,
        "flexDirection": "row",
        "gap": 20,
        "justifyContent": "center",
        "padding": 20,
      }
    }
    testID="component-tray"
  >
    <View
      accessibilityState={
        {
          "busy": undefined,
          "checked": undefined,
          "disabled": undefined,
          "expanded": undefined,
          "selected": undefined,
        }
      }
      accessibilityValue={
        {
          "max": undefined,
          "min": undefined,
          "now": undefined,
          "text": undefined,
        }
      }
      accessible={true}
      collapsable={false}
      focusable={true}
      onClick={[Function]}
      onResponderGrant={[Function]}
      onResponderMove={[Function]}
      onResponderRelease={[Function]}
      onResponderTerminate={[Function]}
      onResponderTerminationRequest={[Function]}
      onStartShouldSetResponder={[Function]}
      style={
        {
          "alignItems": "center",
          "backgroundColor": "#60A5FA",
          "borderRadius": 12,
          "elevation": 3,
          "height": 60,
          "justifyContent": "center",
          "opacity": 1,
          "shadowColor": "#000",
          "shadowOffset": {
            "height": 2,
            "width": 0,
          },
          "shadowOpacity": 0.1,
          "shadowRadius": 4,
          "width": 80,
        }
      }
    >
      <Text
        style={
          {
            "color": "#FFFFFF",
            "fontSize": 20,
            "fontWeight": "600",
          }
        }
      >
        ×2
      </Text>
    </View>
  </View>
</GestureHandlerRootView>
`;

exports[`PipeflowScreen renders level 1 (simple multiplication): level-1 1`] = `
<GestureHandlerRootView
  style={
    {
      "backgroundColor": "#F3F4F6",
      "flex": 1,
    }
  }
  testID="pipeflow-screen"
>
  <View
    style={
      {
        "alignItems": "center",
        "backgroundColor": "#FFFFFF",
        "borderBottomColor": "#E5E7EB",
        "borderBottomWidth": 1,
        "flexDirection": "row",
        "justifyContent": "space-between",
        "paddingBottom": 20,
        "paddingHorizontal": 20,
        "paddingTop": 50,
      }
    }
  >
    <Text
      style={
        {
          "color": "#1E293B",
          "fontSize": 28,
          "fontWeight": "600",
        }
      }
    >
      PIPEFLOW
    </Text>
    <Text
      style={
        {
          "color": "#64748B",
          "fontSize": 18,
        }
      }
    >
      Level 
      1
    </Text>
  </View>
  <View
    style={
      {
        "alignItems": "center",
        "flex": 1,
        "justifyContent": "center",
        "padding": 20,
      }
    }
  >
    <View
      style={
        {
          "height": 800.4,
          "position": "relative",
          "width": 710,
        }
      }
    >
      <Canvas
        pointerEvents="none"
        style={
          {
            "height": 800.4,
            "position": "absolute",
            "width": 710,
          }
        }
      >
        <Path
          color="#60A5FA"
          path={
            {
              "addRRect": [MockFunction],
              "cubicTo": [MockFunction] {
                "calls": [
                  [
                    355,
                    225.1,
                    355,
                    225.1,
                    355,
                    370.2,
                  ],
                ],
                "results": [
                  {
                    "type": "return",
                    "value": undefined,
                  },
                ],
              },
              "lineTo": [MockFunction],
              "moveTo": [MockFunction] {
                "calls": [
                  [
                    355,
                    80,
                  ],
                ],
                "results": [
                  {
                    "type": "return",
                    "value": undefined,
                  },
                ],
              },
            }
          }
          strokeWidth={4}
          style="stroke"
        />
        <Path
          color="#60A5FA"
          path={
            {
              "addRRect": [MockFunction],
              "cubicTo": [MockFunction] {
                "calls": [
                  [
                    355,
                    575.3,
                    355,
                    575.3,
                    355,
                    720.4,
                  ],
                ],
                "results": [
                  {
                    "type": "return",
                    "value": undefined,
                  },
                ],
              },
              "lineTo": [MockFunction],
              "moveTo": [MockFunction] {
                "calls": [
                  [
                    355,
                    430.2,
                  ],
                ],
                "results": [
                  {
                    "type": "return",
                    "value": undefined,
                  },
                ],
              },
            }
          }
          strokeWidth={4}
          style="stroke"
        />
        <Circle
          color="#14B8A6"
          cx={355}
          cy={50}
          r={30}
        />
        <Text
          color="#FFFFFF"
          font={{}}
          text="1"
          x={345}
          y={58}
        />
        <Circle
          color="#8B5CF6"
          cx={355}
          cy={750.4}
          r={30}
        />
        <Text
          color="#FFFFFF"
          font={{}}
          text="2"
          x={345}
          y={758.4}
        />
        <Path
          color="#E5E7EB"
          path={
            {
              "addRRect": [MockFunction] {
                "calls": [
                  [
                    {
                      "rect": {
                        "height": 60,
                        "width": 80,
                        "x": 315,
                        "y": 370.2,
                      },
                      "rx": 12,
                      "ry": 12,
                    },
                  ],
                ],
                "results": [
                  {
                    "type": "return",
                    "value": undefined,
                  },
                ],
              },
              "cubicTo": [MockFunction],
              "lineTo": [MockFunction],
              "moveTo": [MockFunction],
            }
          }
          style="fill"
        />
        <Path
          color="#9CA3AF"
          path={
            {
              "addRRect": [MockFunction] {
                "calls": [
                  [
                    {
                      "rect": {
                        "height": 60,
                        "width": 80,
                        "x": 315,
                        "y": 370.2,
                      },
                      "rx": 12,
                      "ry": 12,
                    },
                  ],
                ],
                "results": [
                  {
                    "type": "return",
                    "value": undefined,
                  },
                ],
              },
              "cubicTo": [MockFunction],
              "lineTo": [MockFunction],
              "moveTo": [MockFunction],
            }
          }
          strokeWidth={2}
          style="stroke"
        />
      </Canvas>
      <View
        accessibilityState={
          {
            "busy": undefined,
            "checked": undefined,
            "disabled": undefined,
            "expanded": undefined,
            "selected": undefined,
          }
        }
        accessibilityValue={
          {
            "max": undefined,
            "min": undefined,
            "now": undefined,
            "text": undefined,
          }
        }
        accessible={true}
        collapsable={false}
        focusable={true}
        onClick={[Function]}
        onResponderGrant={[Function]}
        onResponderMove={[Function]}
        onResponderRelease={[Function]}
        onResponderTerminate={[Function]}
        onResponderTerminationRequest={[Function]}
        onStartShouldSetResponder={[Function]}
        style={
          {
            "height": 60,
            "left": 315,
            "opacity": 1,
            "position": "absolute",
            "top": 370.2,
            "width": 80,
          }
        }
      />
    </View>
  </View>
  <View
    style={
      {
        "flexDirection": "row",
        "justifyContent": "space-around",
        "paddingHorizontal": 40,
        "paddingVertical": 10,
      }
    }
  >
    <View
      accessibilityState={
        {
          "busy": undefined,
          "checked": undefined,
          "disabled": true,
          "expanded": undefined,
          "selected": undefined,
        }
      }
      accessibilityValue={
        {
          "max": undefined,
          "min": undefined,
          "now": undefined,
          "text": undefined,
        }
      }
      accessible={true}
      collapsable={false}
      focusable={false}
      onClick={[Function]}
      onResponderGrant={[Function]}
      onResponderMove={[Function]}
      onResponderRelease={[Function]}
      onResponderTerminate={[Function]}
      onResponderTerminationRequest={[Function]}
      onStartShouldSetResponder={[Function]}
      style={
        {
          "backgroundColor": "#D1D5DB",
          "borderRadius": 8,
          "opacity": 1,
          "paddingHorizontal": 20,
          "paddingVertical": 10,
        }
      }
      testID="prev-level-button"
    >
      <Text
        style={
          {
            "color": "#FFFFFF",
            "fontSize": 16,
            "fontWeight": "600",
          }
        }
      >
        ← Prev
      </Text>
    </View>
    <View
      accessibilityState={
        {
          "busy": undefined,
          "checked": undefined,
          "disabled": false,
          "expanded": undefined,
          "selected": undefined,
        }
      }
      accessibilityValue={
        {
          "max": undefined,
          "min": undefined,
          "now": undefined,
          "text": undefined,
        }
      }
      accessible={true}
      collapsable={false}
      focusable={true}
      onClick={[Function]}
      onResponderGrant={[Function]}
      onResponderMove={[Function]}
      onResponderRelease={[Function]}
      onResponderTerminate={[Function]}
      onResponderTerminationRequest={[Function]}
      onStartShouldSetResponder={[Function]}
      style={
        {
          "backgroundColor": "#60A5FA",
          "borderRadius": 8,
          "opacity": 1,
          "paddingHorizontal": 20,
          "paddingVertical": 10,
        }
      }
      testID="next-level-button"
    >
      <Text
        style={
          {
            "color": "#FFFFFF",
            "fontSize": 16,
            "fontWeight": "600",
          }
        }
      >
        Next →
      </Text>
    </View>
  </View>
  <View
    style={
      {
        "alignItems": "center",
        "backgroundColor": "#FFFFFF",
        "borderTopColor": "#E5E7EB",
        "borderTopWidth": 1,
        "flexDirection": "row",
        "gap": 20,
        "justifyContent": "center",
        "padding": 20,
      }
    }
    testID="component-tray"
  >
    <View
      accessibilityState={
        {
          "busy": undefined,
          "checked": undefined,
          "disabled": undefined,
          "expanded": undefined,
          "selected": undefined,
        }
      }
      accessibilityValue={
        {
          "max": undefined,
          "min": undefined,
          "now": undefined,
          "text": undefined,
        }
      }
      accessible={true}
      collapsable={false}
      focusable={true}
      onClick={[Function]}
      onResponderGrant={[Function]}
      onResponderMove={[Function]}
      onResponderRelease={[Function]}
      onResponderTerminate={[Function]}
      onResponderTerminationRequest={[Function]}
      onStartShouldSetResponder={[Function]}
      style={
        {
          "alignItems": "center",
          "backgroundColor": "#60A5FA",
          "borderRadius": 12,
          "elevation": 3,
          "height": 60,
          "justifyContent": "center",
          "opacity": 1,
          "shadowColor": "#000",
          "shadowOffset": {
            "height": 2,
            "width": 0,
          },
          "shadowOpacity": 0.1,
          "shadowRadius": 4,
          "width": 80,
        }
      }
    >
      <Text
        style={
          {
            "color": "#FFFFFF",
            "fontSize": 20,
            "fontWeight": "600",
          }
        }
      >
        ×2
      </Text>
    </View>
  </View>
</GestureHandlerRootView>
`;

exports[`PipeflowScreen renders the complete screen correctly 1`] = `
<GestureHandlerRootView
  style={
    {
      "backgroundColor": "#F3F4F6",
      "flex": 1,
    }
  }
  testID="pipeflow-screen"
>
  <View
    style={
      {
        "alignItems": "center",
        "backgroundColor": "#FFFFFF",
        "borderBottomColor": "#E5E7EB",
        "borderBottomWidth": 1,
        "flexDirection": "row",
        "justifyContent": "space-between",
        "paddingBottom": 20,
        "paddingHorizontal": 20,
        "paddingTop": 50,
      }
    }
  >
    <Text
      style={
        {
          "color": "#1E293B",
          "fontSize": 28,
          "fontWeight": "600",
        }
      }
    >
      PIPEFLOW
    </Text>
    <Text
      style={
        {
          "color": "#64748B",
          "fontSize": 18,
        }
      }
    >
      Level 
      1
    </Text>
  </View>
  <View
    style={
      {
        "alignItems": "center",
        "flex": 1,
        "justifyContent": "center",
        "padding": 20,
      }
    }
  >
    <View
      style={
        {
          "height": 800.4,
          "position": "relative",
          "width": 710,
        }
      }
    >
      <Canvas
        pointerEvents="none"
        style={
          {
            "height": 800.4,
            "position": "absolute",
            "width": 710,
          }
        }
      >
        <Path
          color="#60A5FA"
          path={
            {
              "addRRect": [MockFunction],
              "cubicTo": [MockFunction] {
                "calls": [
                  [
                    355,
                    225.1,
                    355,
                    225.1,
                    355,
                    370.2,
                  ],
                ],
                "results": [
                  {
                    "type": "return",
                    "value": undefined,
                  },
                ],
              },
              "lineTo": [MockFunction],
              "moveTo": [MockFunction] {
                "calls": [
                  [
                    355,
                    80,
                  ],
                ],
                "results": [
                  {
                    "type": "return",
                    "value": undefined,
                  },
                ],
              },
            }
          }
          strokeWidth={4}
          style="stroke"
        />
        <Path
          color="#60A5FA"
          path={
            {
              "addRRect": [MockFunction],
              "cubicTo": [MockFunction] {
                "calls": [
                  [
                    355,
                    575.3,
                    355,
                    575.3,
                    355,
                    720.4,
                  ],
                ],
                "results": [
                  {
                    "type": "return",
                    "value": undefined,
                  },
                ],
              },
              "lineTo": [MockFunction],
              "moveTo": [MockFunction] {
                "calls": [
                  [
                    355,
                    430.2,
                  ],
                ],
                "results": [
                  {
                    "type": "return",
                    "value": undefined,
                  },
                ],
              },
            }
          }
          strokeWidth={4}
          style="stroke"
        />
        <Circle
          color="#14B8A6"
          cx={355}
          cy={50}
          r={30}
        />
        <Text
          color="#FFFFFF"
          font={{}}
          text="1"
          x={345}
          y={58}
        />
        <Circle
          color="#8B5CF6"
          cx={355}
          cy={750.4}
          r={30}
        />
        <Text
          color="#FFFFFF"
          font={{}}
          text="2"
          x={345}
          y={758.4}
        />
        <Path
          color="#E5E7EB"
          path={
            {
              "addRRect": [MockFunction] {
                "calls": [
                  [
                    {
                      "rect": {
                        "height": 60,
                        "width": 80,
                        "x": 315,
                        "y": 370.2,
                      },
                      "rx": 12,
                      "ry": 12,
                    },
                  ],
                ],
                "results": [
                  {
                    "type": "return",
                    "value": undefined,
                  },
                ],
              },
              "cubicTo": [MockFunction],
              "lineTo": [MockFunction],
              "moveTo": [MockFunction],
            }
          }
          style="fill"
        />
        <Path
          color="#9CA3AF"
          path={
            {
              "addRRect": [MockFunction] {
                "calls": [
                  [
                    {
                      "rect": {
                        "height": 60,
                        "width": 80,
                        "x": 315,
                        "y": 370.2,
                      },
                      "rx": 12,
                      "ry": 12,
                    },
                  ],
                ],
                "results": [
                  {
                    "type": "return",
                    "value": undefined,
                  },
                ],
              },
              "cubicTo": [MockFunction],
              "lineTo": [MockFunction],
              "moveTo": [MockFunction],
            }
          }
          strokeWidth={2}
          style="stroke"
        />
      </Canvas>
      <View
        accessibilityState={
          {
            "busy": undefined,
            "checked": undefined,
            "disabled": undefined,
            "expanded": undefined,
            "selected": undefined,
          }
        }
        accessibilityValue={
          {
            "max": undefined,
            "min": undefined,
            "now": undefined,
            "text": undefined,
          }
        }
        accessible={true}
        collapsable={false}
        focusable={true}
        onClick={[Function]}
        onResponderGrant={[Function]}
        onResponderMove={[Function]}
        onResponderRelease={[Function]}
        onResponderTerminate={[Function]}
        onResponderTerminationRequest={[Function]}
        onStartShouldSetResponder={[Function]}
        style={
          {
            "height": 60,
            "left": 315,
            "opacity": 1,
            "position": "absolute",
            "top": 370.2,
            "width": 80,
          }
        }
      />
    </View>
  </View>
  <View
    style={
      {
        "flexDirection": "row",
        "justifyContent": "space-around",
        "paddingHorizontal": 40,
        "paddingVertical": 10,
      }
    }
  >
    <View
      accessibilityState={
        {
          "busy": undefined,
          "checked": undefined,
          "disabled": true,
          "expanded": undefined,
          "selected": undefined,
        }
      }
      accessibilityValue={
        {
          "max": undefined,
          "min": undefined,
          "now": undefined,
          "text": undefined,
        }
      }
      accessible={true}
      collapsable={false}
      focusable={false}
      onClick={[Function]}
      onResponderGrant={[Function]}
      onResponderMove={[Function]}
      onResponderRelease={[Function]}
      onResponderTerminate={[Function]}
      onResponderTerminationRequest={[Function]}
      onStartShouldSetResponder={[Function]}
      style={
        {
          "backgroundColor": "#D1D5DB",
          "borderRadius": 8,
          "opacity": 1,
          "paddingHorizontal": 20,
          "paddingVertical": 10,
        }
      }
      testID="prev-level-button"
    >
      <Text
        style={
          {
            "color": "#FFFFFF",
            "fontSize": 16,
            "fontWeight": "600",
          }
        }
      >
        ← Prev
      </Text>
    </View>
    <View
      accessibilityState={
        {
          "busy": undefined,
          "checked": undefined,
          "disabled": false,
          "expanded": undefined,
          "selected": undefined,
        }
      }
      accessibilityValue={
        {
          "max": undefined,
          "min": undefined,
          "now": undefined,
          "text": undefined,
        }
      }
      accessible={true}
      collapsable={false}
      focusable={true}
      onClick={[Function]}
      onResponderGrant={[Function]}
      onResponderMove={[Function]}
      onResponderRelease={[Function]}
      onResponderTerminate={[Function]}
      onResponderTerminationRequest={[Function]}
      onStartShouldSetResponder={[Function]}
      style={
        {
          "backgroundColor": "#60A5FA",
          "borderRadius": 8,
          "opacity": 1,
          "paddingHorizontal": 20,
          "paddingVertical": 10,
        }
      }
      testID="next-level-button"
    >
      <Text
        style={
          {
            "color": "#FFFFFF",
            "fontSize": 16,
            "fontWeight": "600",
          }
        }
      >
        Next →
      </Text>
    </View>
  </View>
  <View
    style={
      {
        "alignItems": "center",
        "backgroundColor": "#FFFFFF",
        "borderTopColor": "#E5E7EB",
        "borderTopWidth": 1,
        "flexDirection": "row",
        "gap": 20,
        "justifyContent": "center",
        "padding": 20,
      }
    }
    testID="component-tray"
  >
    <View
      accessibilityState={
        {
          "busy": undefined,
          "checked": undefined,
          "disabled": undefined,
          "expanded": undefined,
          "selected": undefined,
        }
      }
      accessibilityValue={
        {
          "max": undefined,
          "min": undefined,
          "now": undefined,
          "text": undefined,
        }
      }
      accessible={true}
      collapsable={false}
      focusable={true}
      onClick={[Function]}
      onResponderGrant={[Function]}
      onResponderMove={[Function]}
      onResponderRelease={[Function]}
      onResponderTerminate={[Function]}
      onResponderTerminationRequest={[Function]}
      onStartShouldSetResponder={[Function]}
      style={
        {
          "alignItems": "center",
          "backgroundColor": "#60A5FA",
          "borderRadius": 12,
          "elevation": 3,
          "height": 60,
          "justifyContent": "center",
          "opacity": 1,
          "shadowColor": "#000",
          "shadowOffset": {
            "height": 2,
            "width": 0,
          },
          "shadowOpacity": 0.1,
          "shadowRadius": 4,
          "width": 80,
        }
      }
    >
      <Text
        style={
          {
            "color": "#FFFFFF",
            "fontSize": 20,
            "fontWeight": "600",
          }
        }
      >
        ×2
      </Text>
    </View>
  </View>
</GestureHandlerRootView>
`;

exports[`PipeflowScreen renders the game canvas with nodes and connections: complete-game-screen 1`] = `
<GestureHandlerRootView
  style={
    {
      "backgroundColor": "#F3F4F6",
      "flex": 1,
    }
  }
  testID="pipeflow-screen"
>
  <View
    style={
      {
        "alignItems": "center",
        "backgroundColor": "#FFFFFF",
        "borderBottomColor": "#E5E7EB",
        "borderBottomWidth": 1,
        "flexDirection": "row",
        "justifyContent": "space-between",
        "paddingBottom": 20,
        "paddingHorizontal": 20,
        "paddingTop": 50,
      }
    }
  >
    <Text
      style={
        {
          "color": "#1E293B",
          "fontSize": 28,
          "fontWeight": "600",
        }
      }
    >
      PIPEFLOW
    </Text>
    <Text
      style={
        {
          "color": "#64748B",
          "fontSize": 18,
        }
      }
    >
      Level 
      1
    </Text>
  </View>
  <View
    style={
      {
        "alignItems": "center",
        "flex": 1,
        "justifyContent": "center",
        "padding": 20,
      }
    }
  >
    <View
      style={
        {
          "height": 800.4,
          "position": "relative",
          "width": 710,
        }
      }
    >
      <Canvas
        pointerEvents="none"
        style={
          {
            "height": 800.4,
            "position": "absolute",
            "width": 710,
          }
        }
      >
        <Path
          color="#60A5FA"
          path={
            {
              "addRRect": [MockFunction],
              "cubicTo": [MockFunction] {
                "calls": [
                  [
                    355,
                    225.1,
                    355,
                    225.1,
                    355,
                    370.2,
                  ],
                ],
                "results": [
                  {
                    "type": "return",
                    "value": undefined,
                  },
                ],
              },
              "lineTo": [MockFunction],
              "moveTo": [MockFunction] {
                "calls": [
                  [
                    355,
                    80,
                  ],
                ],
                "results": [
                  {
                    "type": "return",
                    "value": undefined,
                  },
                ],
              },
            }
          }
          strokeWidth={4}
          style="stroke"
        />
        <Path
          color="#60A5FA"
          path={
            {
              "addRRect": [MockFunction],
              "cubicTo": [MockFunction] {
                "calls": [
                  [
                    355,
                    575.3,
                    355,
                    575.3,
                    355,
                    720.4,
                  ],
                ],
                "results": [
                  {
                    "type": "return",
                    "value": undefined,
                  },
                ],
              },
              "lineTo": [MockFunction],
              "moveTo": [MockFunction] {
                "calls": [
                  [
                    355,
                    430.2,
                  ],
                ],
                "results": [
                  {
                    "type": "return",
                    "value": undefined,
                  },
                ],
              },
            }
          }
          strokeWidth={4}
          style="stroke"
        />
        <Circle
          color="#14B8A6"
          cx={355}
          cy={50}
          r={30}
        />
        <Text
          color="#FFFFFF"
          font={{}}
          text="1"
          x={345}
          y={58}
        />
        <Circle
          color="#8B5CF6"
          cx={355}
          cy={750.4}
          r={30}
        />
        <Text
          color="#FFFFFF"
          font={{}}
          text="2"
          x={345}
          y={758.4}
        />
        <Path
          color="#E5E7EB"
          path={
            {
              "addRRect": [MockFunction] {
                "calls": [
                  [
                    {
                      "rect": {
                        "height": 60,
                        "width": 80,
                        "x": 315,
                        "y": 370.2,
                      },
                      "rx": 12,
                      "ry": 12,
                    },
                  ],
                ],
                "results": [
                  {
                    "type": "return",
                    "value": undefined,
                  },
                ],
              },
              "cubicTo": [MockFunction],
              "lineTo": [MockFunction],
              "moveTo": [MockFunction],
            }
          }
          style="fill"
        />
        <Path
          color="#9CA3AF"
          path={
            {
              "addRRect": [MockFunction] {
                "calls": [
                  [
                    {
                      "rect": {
                        "height": 60,
                        "width": 80,
                        "x": 315,
                        "y": 370.2,
                      },
                      "rx": 12,
                      "ry": 12,
                    },
                  ],
                ],
                "results": [
                  {
                    "type": "return",
                    "value": undefined,
                  },
                ],
              },
              "cubicTo": [MockFunction],
              "lineTo": [MockFunction],
              "moveTo": [MockFunction],
            }
          }
          strokeWidth={2}
          style="stroke"
        />
      </Canvas>
      <View
        accessibilityState={
          {
            "busy": undefined,
            "checked": undefined,
            "disabled": undefined,
            "expanded": undefined,
            "selected": undefined,
          }
        }
        accessibilityValue={
          {
            "max": undefined,
            "min": undefined,
            "now": undefined,
            "text": undefined,
          }
        }
        accessible={true}
        collapsable={false}
        focusable={true}
        onClick={[Function]}
        onResponderGrant={[Function]}
        onResponderMove={[Function]}
        onResponderRelease={[Function]}
        onResponderTerminate={[Function]}
        onResponderTerminationRequest={[Function]}
        onStartShouldSetResponder={[Function]}
        style={
          {
            "height": 60,
            "left": 315,
            "opacity": 1,
            "position": "absolute",
            "top": 370.2,
            "width": 80,
          }
        }
      />
    </View>
  </View>
  <View
    style={
      {
        "flexDirection": "row",
        "justifyContent": "space-around",
        "paddingHorizontal": 40,
        "paddingVertical": 10,
      }
    }
  >
    <View
      accessibilityState={
        {
          "busy": undefined,
          "checked": undefined,
          "disabled": true,
          "expanded": undefined,
          "selected": undefined,
        }
      }
      accessibilityValue={
        {
          "max": undefined,
          "min": undefined,
          "now": undefined,
          "text": undefined,
        }
      }
      accessible={true}
      collapsable={false}
      focusable={false}
      onClick={[Function]}
      onResponderGrant={[Function]}
      onResponderMove={[Function]}
      onResponderRelease={[Function]}
      onResponderTerminate={[Function]}
      onResponderTerminationRequest={[Function]}
      onStartShouldSetResponder={[Function]}
      style={
        {
          "backgroundColor": "#D1D5DB",
          "borderRadius": 8,
          "opacity": 1,
          "paddingHorizontal": 20,
          "paddingVertical": 10,
        }
      }
      testID="prev-level-button"
    >
      <Text
        style={
          {
            "color": "#FFFFFF",
            "fontSize": 16,
            "fontWeight": "600",
          }
        }
      >
        ← Prev
      </Text>
    </View>
    <View
      accessibilityState={
        {
          "busy": undefined,
          "checked": undefined,
          "disabled": false,
          "expanded": undefined,
          "selected": undefined,
        }
      }
      accessibilityValue={
        {
          "max": undefined,
          "min": undefined,
          "now": undefined,
          "text": undefined,
        }
      }
      accessible={true}
      collapsable={false}
      focusable={true}
      onClick={[Function]}
      onResponderGrant={[Function]}
      onResponderMove={[Function]}
      onResponderRelease={[Function]}
      onResponderTerminate={[Function]}
      onResponderTerminationRequest={[Function]}
      onStartShouldSetResponder={[Function]}
      style={
        {
          "backgroundColor": "#60A5FA",
          "borderRadius": 8,
          "opacity": 1,
          "paddingHorizontal": 20,
          "paddingVertical": 10,
        }
      }
      testID="next-level-button"
    >
      <Text
        style={
          {
            "color": "#FFFFFF",
            "fontSize": 16,
            "fontWeight": "600",
          }
        }
      >
        Next →
      </Text>
    </View>
  </View>
  <View
    style={
      {
        "alignItems": "center",
        "backgroundColor": "#FFFFFF",
        "borderTopColor": "#E5E7EB",
        "borderTopWidth": 1,
        "flexDirection": "row",
        "gap": 20,
        "justifyContent": "center",
        "padding": 20,
      }
    }
    testID="component-tray"
  >
    <View
      accessibilityState={
        {
          "busy": undefined,
          "checked": undefined,
          "disabled": undefined,
          "expanded": undefined,
          "selected": undefined,
        }
      }
      accessibilityValue={
        {
          "max": undefined,
          "min": undefined,
          "now": undefined,
          "text": undefined,
        }
      }
      accessible={true}
      collapsable={false}
      focusable={true}
      onClick={[Function]}
      onResponderGrant={[Function]}
      onResponderMove={[Function]}
      onResponderRelease={[Function]}
      onResponderTerminate={[Function]}
      onResponderTerminationRequest={[Function]}
      onStartShouldSetResponder={[Function]}
      style={
        {
          "alignItems": "center",
          "backgroundColor": "#60A5FA",
          "borderRadius": 12,
          "elevation": 3,
          "height": 60,
          "justifyContent": "center",
          "opacity": 1,
          "shadowColor": "#000",
          "shadowOffset": {
            "height": 2,
            "width": 0,
          },
          "shadowOpacity": 0.1,
          "shadowRadius": 4,
          "width": 80,
        }
      }
    >
      <Text
        style={
          {
            "color": "#FFFFFF",
            "fontSize": 20,
            "fontWeight": "600",
          }
        }
      >
        ×2
      </Text>
    </View>
  </View>
</GestureHandlerRootView>
`;
